---
source: crates/aglet-cli/tests/add_show_edit.rs
assertion_line: 107
expression: show_run.stdout
---
id:         [uuid]
text:       Work session
status:     open
when:       -
created_at: [timestamp]
modified_at: [timestamp]
assignments:
  Hours = 2.50 | Manual | manual:cli.set-value
    Assigned manually
prereqs: (none)
dependents (blocks): (none)
related: (none)
